[2026-07-24T09:19:39.925Z] U0001f535 [AI] Scanning inbox via Golden API...
[2026-07-24T09:19:48.907Z] U0001f535 [AI] Page state: url=https://www.instagram.com/direct/inbox/ title="Instagram • Messages" viewport=393x852
[2026-07-24T09:19:48.909Z] U0001f535 [AI] Page body preview: "founderflowteam
What's new...
Your note
Messages
Requests
Chats will appear here after you send or receive a message"
[2026-07-24T09:19:53.331Z] U0001f535 [API_INBOX] 0 actionable (0 unread, 0 read) selfLast:0 oldSelfLast:0 hasMore:false
[2026-07-24T09:19:53.334Z] U0001f535 [API_PRIMARY] Page 1: 0 threads, cursor: {"cursor_timestamp_seconds":"18446744073709551615","cursor_relevancy_score":"184, hasMore: false
[2026-07-24T09:19:53.337Z] U0001f535 [API_PRIMARY] 0 actionable Primary thread(s) from API (1 page(s))
[2026-07-24T09:19:53.605Z] U0001f535 [API_PRIMARY] Pre-filter: 0 API threads → 0 have matching dm_sent/replied leads
[2026-07-24T09:19:53.607Z] U0001f535 [API_PRIMARY] API fetch done: 0 threads found — processing via message reading (no DOM detection)
[2026-07-24T09:19:53.609Z] U0001f535 [PRIMARY_SCAN] [primary] Full scan done: 0 threads processed (leads pre-filtered)
[2026-07-24T09:20:15.423Z] ⚠️ [DOM_SCAN] [requests] @hidden requests — no thread ID in URL: https://www.instagram.com/direct/requests/hidden/
[2026-07-24T09:20:18.460Z] U0001f535 [DOM_SCAN] [requests] [0] processed so far
[2026-07-24T09:20:18.466Z] U0001f535 [DOM_SCAN] [requests] No more threads to process
[2026-07-24T09:20:18.467Z] U0001f535 [DOM_SCAN] [requests] Done: 0 threads processed
[2026-07-24T09:20:26.322Z] U0001f535 [DOM_SCAN] [hidden] No more threads to process
[2026-07-24T09:20:26.324Z] U0001f535 [DOM_SCAN] [hidden] Done: 0 threads processed
[2026-07-24T09:21:14.040Z] U0001f535 [DOM_SCAN] 0 new threads from Primary DOM
[2026-07-24T09:21:14.048Z] U0001f535 [AI] No replied leads found. Skipping AI Setter this pulse.
[2026-07-24T09:21:25.178Z] 💭 [SCAN] Using flirty intent keywords
[2026-07-24T09:21:25.181Z] 💭 [SCAN] Fetching recent active posts for @ashley.got...
[2026-07-24T09:21:25.202Z] ?? [SCAN] Failed to fetch recent posts dynamically: fetch failed
[2026-07-24T09:21:25.215Z] 💭 [SCAN] Could not find any recent posts for @ashley.got — skipping
[2026-07-24T09:21:25.226Z] ✅ [SCAN] ─── SESSION DONE ───
[2026-07-24T09:21:25.238Z] ✅ [SCAN] This session: 0 leads | 0 profiles checked | 0 filtered
[2026-07-24T09:21:25.246Z] ✅ [SCAN] All-time: 0 leads | 0 sessions
